2026-05-18 18:41:47 - Request Method: POST
2026-05-18 18:41:47 - POST data: Array
(
    [email] => oumaimajl88@gmail.com
    [password] => oumaima123
)

2026-05-18 18:41:47 - RAW input: 
2026-05-18 18:41:47 - User found: Yes
2026-05-18 18:41:48 - Request Method: POST
2026-05-18 18:41:48 - POST data: Array
(
    [email] => oumaimajl88@gmail.com
    [password] => oumaima123
)

2026-05-18 18:41:48 - RAW input: 
2026-05-18 18:41:48 - User found: Yes
2026-05-18 18:41:49 - Request Method: POST
2026-05-18 18:41:49 - POST data: Array
(
    [email] => oumaimajl88@gmail.com
    [password] => oumaima123
)

2026-05-18 18:41:49 - RAW input: 
2026-05-18 18:41:49 - User found: Yes
2026-05-18 18:42:26 - Request Method: POST
2026-05-18 18:42:26 - POST data: Array
(
    [email] => oumaimajl88@gmail.com
    [password] => oumaima123
)

2026-05-18 18:42:26 - RAW input: 
2026-05-18 18:42:26 - User found: Yes
2026-05-18 18:42:28 - Request Method: POST
2026-05-18 18:42:28 - POST data: Array
(
    [email] => oumaimajl88@gmail.com
    [password] => oumaima123
)

2026-05-18 18:42:28 - RAW input: 
2026-05-18 18:42:28 - User found: Yes
2026-05-18 18:42:57 - Request Method: POST
2026-05-18 18:42:57 - POST data: Array
(
    [email] => oumaimajl88@gmail.com
    [password] => oumaima123
)

2026-05-18 18:42:57 - RAW input: 
2026-05-18 18:42:57 - User found: Yes
2026-05-18 18:42:58 - Request Method: POST
2026-05-18 18:42:58 - POST data: Array
(
    [email] => oumaimajl88@gmail.com
    [password] => oumaima123
)

2026-05-18 18:42:58 - RAW input: 
2026-05-18 18:42:58 - User found: Yes
2026-05-18 18:42:58 - Request Method: POST
2026-05-18 18:42:58 - POST data: Array
(
    [email] => oumaimajl88@gmail.com
    [password] => oumaima123
)

2026-05-18 18:42:58 - RAW input: 
2026-05-18 18:42:58 - User found: Yes
2026-05-18 18:42:58 - Request Method: POST
2026-05-18 18:42:58 - POST data: Array
(
    [email] => oumaimajl88@gmail.com
    [password] => oumaima123
)

2026-05-18 18:42:58 - RAW input: 
2026-05-18 18:42:58 - User found: Yes
2026-05-18 18:42:59 - Request Method: POST
2026-05-18 18:42:59 - POST data: Array
(
    [email] => oumaimajl88@gmail.com
    [password] => oumaima123
)

2026-05-18 18:42:59 - RAW input: 
2026-05-18 18:42:59 - User found: Yes
2026-05-18 18:43:02 - Request Method: POST
2026-05-18 18:43:02 - POST data: Array
(
    [email] => oumaimajl88@gmail.com
    [password] => oumaima123
)

2026-05-18 18:43:02 - RAW input: 
2026-05-18 18:43:02 - User found: Yes
2026-05-18 18:43:29 - Request Method: POST
2026-05-18 18:43:29 - POST data: Array
(
    [email] => oumaimajl88@gmail.com
    [password] => oumima123
)

2026-05-18 18:43:29 - RAW input: 
2026-05-18 18:43:29 - User found: Yes
2026-05-18 18:44:41 - Request Method: POST
2026-05-18 18:44:41 - POST data: Array
(
    [email] => oumaimajl88@gmail.com
    [password] => oumaima123
)

2026-05-18 18:44:41 - RAW input: 
2026-05-18 18:44:41 - User found: Yes
2026-05-18 18:44:50 - Request Method: POST
2026-05-18 18:44:50 - POST data: Array
(
    [email] => oumaimajl88@gmail.com
    [password] => oumaima123
)

2026-05-18 18:44:50 - RAW input: 
2026-05-18 18:44:50 - User found: Yes
2026-05-18 18:44:56 - Request Method: POST
2026-05-18 18:44:56 - POST data: Array
(
    [email] => oumaimajl88@gmail.com
    [password] => 99201988ou
)

2026-05-18 18:44:56 - RAW input: 
2026-05-18 18:44:56 - User found: Yes
2026-05-18 18:45:04 - Request Method: POST
2026-05-18 18:45:04 - POST data: Array
(
    [email] => oumaimajl88@gmail.com
    [password] => 123456
)

2026-05-18 18:45:04 - RAW input: 
2026-05-18 18:45:04 - User found: Yes
2026-05-18 18:45:11 - Request Method: POST
2026-05-18 18:45:11 - POST data: Array
(
    [email] => oumaimajl88@gmail.com
    [password] => oumaima123
)

2026-05-18 18:45:11 - RAW input: 
2026-05-18 18:45:11 - User found: Yes
2026-05-18 18:49:46 - Request Method: POST
2026-05-18 18:49:46 - POST data: Array
(
    [email] => oumaymajlejla@gmail.com
    [password] => oumaima123
)

2026-05-18 18:49:46 - RAW input: 
2026-05-18 18:49:46 - User found: Yes
2026-05-18 18:51:49 - Request Method: POST
2026-05-18 18:51:49 - POST data: Array
(
    [email] => oumaymajlejla@gmail.com
    [password] => oumaima123
)

2026-05-18 18:51:49 - RAW input: 
2026-05-18 18:51:49 - User found: Yes
2026-05-18 18:53:27 - Request Method: POST
2026-05-18 18:53:27 - POST data: Array
(
    [email] => oumaimajl88@gmail.com
    [password] => oumaima123
)

2026-05-18 18:53:27 - RAW input: 
2026-05-18 18:53:27 - User found: Yes
2026-05-18 18:53:41 - Request Method: POST
2026-05-18 18:53:41 - POST data: Array
(
    [email] => oumaimajl88@gmail.com
    [password] => 123456
)

2026-05-18 18:53:41 - RAW input: 
2026-05-18 18:53:41 - User found: Yes
2026-05-18 18:53:49 - Request Method: POST
2026-05-18 18:53:49 - POST data: Array
(
    [email] => oumaimajl88@gmail.com
    [password] => oumaima123
)

2026-05-18 18:53:49 - RAW input: 
2026-05-18 18:53:49 - User found: Yes
2026-05-18 18:53:54 - Request Method: POST
2026-05-18 18:53:54 - POST data: Array
(
    [email] => oumaimajl88@gmail.com
    [password] => 99201988ou
)

2026-05-18 18:53:54 - RAW input: 
2026-05-18 18:53:54 - User found: Yes
2026-05-18 18:54:10 - Request Method: POST
2026-05-18 18:54:10 - POST data: Array
(
    [email] => oumaimajl88@gmail.com
    [password] => password
)

2026-05-18 18:54:10 - RAW input: 
2026-05-18 18:54:10 - User found: Yes
2026-05-18 18:58:50 - Request Method: POST
2026-05-18 18:58:50 - POST data: Array
(
    [email] => oumaimajl88@gmail.com
    [password] => password
)

2026-05-18 18:58:50 - RAW input: 
2026-05-18 18:58:50 - User found: Yes
2026-05-18 19:02:06 - Request Method: POST
2026-05-18 19:02:06 - POST data: Array
(
    [email] => oumaimajl88@gmail.com
    [password] => password
)

2026-05-18 19:02:06 - RAW input: 
2026-05-18 19:02:06 - User found: Yes
